www2.deepl.com
dict.deepl.com
login-wall.deepl.com
experimentation.deepl.com
w.deepl.com
s.deepl.com
oneshot-free.www.deepl.com
ita-free.www.deepl.com
appdownload.deepl.com
www.deepl.com
deepl.com
chatgpt.com
ab.chatgpt.com
auth.openai.com
auth0.openai.com
platform.openai.com
cdn.oaistatic.com
files.oaiusercontent.com
cdn.auth0.com
tcr9i.chat.openai.com
webrtc.chatgpt.com
android.chat.openai.com
sora.chatgpt.com
videos.openai.com
gemini.google.com
aistudio.google.com
generativelanguage.googleapis.com
alkalimakersuite-pa.clients6.google.com
google.qualtrics.com
stitch.withgoogle.com
copilot.microsoft.com
api.github.com
api.githubcopilot.com
api.individual.githubcopilot.com
sydney.bing.com
edgeservices.bing.com
claude.ai
aitestkitchen.withgoogle.com
aisandbox-pa.googleapis.com
o.pki.goog
labs.google
notebooklm.google
notebooklm.google.com
accounts.x.ai
grok.com
assets.grok.com
download.microsoft.com
www.msn.com
api.msn.com
ntp.msn.com
rewards.bing.com
www.intel.com
www.dell.com
i.dell.com
nexus.dell.com
www.dellcdn.com
dl.dell.com
solve.dell.com
techdirect.dell.com
gbxgateway.dell.com
www.delltechnologies.com
signon.oracle.com
elevenlabs.io
api.us.elevenlabs.io
builds.parsec.app
developer.android.com
raijin.gg
my.microsoftpersonalcontent.com
api.onedrive.com
1drv.com
login.live.com
login.microsoftonline.com
sharepoint.com
outlook.office365.com
arc.msn.com
self.events.data.microsoft.com
eu-mobile.events.data.microsoft.com
pixabay.com
www.cgtrader.com
